---
source: src/tests/vet.rs
expression: json
---
{
  "context": null,
  "conclusion": "fail (vetting)",
  "failures": [
    {
      "name": "third-party1",
      "version": "10.0.0",
      "missing_criteria": [
        "strong-reviewed"
      ]
    },
    {
      "name": "third-party2",
      "version": "10.0.0",
      "missing_criteria": [
        "strong-reviewed"
      ]
    }
  ],
  "suggest": {
    "suggestions": [
      {
        "name": "third-party1",
        "notable_parents": "first-party",
        "suggested_criteria": [
          "strong-reviewed"
        ],
        "suggested_diff": {
          "from": null,
          "to": "10.0.0",
          "diffstat": {
            "raw": "+100",
            "count": 100
          }
        },
        "confident": true
      },
      {
        "name": "third-party2",
        "notable_parents": "first-party",
        "suggested_criteria": [
          "strong-reviewed"
        ],
        "suggested_diff": {
          "from": null,
          "to": "10.0.0",
          "diffstat": {
            "raw": "+100",
            "count": 100
          }
        },
        "confident": true
      }
    ],
    "suggest_by_criteria": {
      "strong-reviewed": [
        {
          "name": "third-party1",
          "notable_parents": "first-party",
          "suggested_criteria": [
            "strong-reviewed"
          ],
          "suggested_diff": {
            "from": null,
            "to": "10.0.0",
            "diffstat": {
              "raw": "+100",
              "count": 100
            }
          },
          "confident": true
        },
        {
          "name": "third-party2",
          "notable_parents": "first-party",
          "suggested_criteria": [
            "strong-reviewed"
          ],
          "suggested_diff": {
            "from": null,
            "to": "10.0.0",
            "diffstat": {
              "raw": "+100",
              "count": 100
            }
          },
          "confident": true
        }
      ]
    },
    "total_lines": 200
  }
}
