---
source: tests/test-cli.rs
expression: format_outputs(&output)
---
stdout:
{
  "context": null,
  "conclusion": "fail (vetting)",
  "failures": [
    {
      "name": "hermit-abi",
      "version": "0.1.19",
      "missing_criteria": [
        "safe-to-run"
      ]
    },
    {
      "name": "indexmap",
      "version": "1.8.1",
      "missing_criteria": [
        "safe-to-deploy"
      ]
    },
    {
      "name": "libc",
      "version": "0.2.123",
      "missing_criteria": [
        "safe-to-run"
      ]
    },
    {
      "name": "os_str_bytes",
      "version": "6.0.0",
      "missing_criteria": [
        "safe-to-deploy"
      ]
    },
    {
      "name": "reqwest",
      "version": "0.11.10",
      "missing_criteria": [
        "safe-to-deploy"
      ]
    },
    {
      "name": "serde_json",
      "version": "1.0.79",
      "missing_criteria": [
        "safe-to-deploy"
      ]
    },
    {
      "name": "termcolor",
      "version": "1.1.3",
      "missing_criteria": [
        "safe-to-deploy"
      ]
    },
    {
      "name": "textwrap",
      "version": "0.15.0",
      "missing_criteria": [
        "safe-to-deploy"
      ]
    },
    {
      "name": "tokio",
      "version": "1.17.0",
      "missing_criteria": [
        "safe-to-deploy"
      ]
    },
    {
      "name": "winapi",
      "version": "0.3.9",
      "missing_criteria": [
        "safe-to-run"
      ]
    }
  ],
  "suggest": {
    "suggestions": [
      {
        "name": "hermit-abi",
        "notable_parents": "atty",
        "suggested_criteria": [
          "safe-to-run"
        ],
        "suggested_diff": {
          "from": null,
          "to": "0.1.19",
          "diffstat": {
            "raw": " 11 files changed, 938 insertions(+)\n",
            "count": 938
          }
        },
        "confident": true
      },
      {
        "name": "termcolor",
        "notable_parents": "clap",
        "suggested_criteria": [
          "safe-to-deploy"
        ],
        "suggested_diff": {
          "from": null,
          "to": "1.1.3",
          "diffstat": {
            "raw": " 12 files changed, 2585 insertions(+)\n",
            "count": 2585
          }
        },
        "confident": true
      },
      {
        "name": "os_str_bytes",
        "notable_parents": "clap",
        "suggested_criteria": [
          "safe-to-deploy"
        ],
        "suggested_diff": {
          "from": null,
          "to": "6.0.0",
          "diffstat": {
            "raw": " 23 files changed, 2918 insertions(+)\n",
            "count": 2918
          }
        },
        "confident": true
      },
      {
        "name": "textwrap",
        "notable_parents": "clap",
        "suggested_criteria": [
          "safe-to-deploy"
        ],
        "suggested_diff": {
          "from": null,
          "to": "0.15.0",
          "diffstat": {
            "raw": " 18 files changed, 6165 insertions(+)\n",
            "count": 6165
          }
        },
        "confident": true
      },
      {
        "name": "indexmap",
        "notable_parents": "h2, clap",
        "suggested_criteria": [
          "safe-to-deploy"
        ],
        "suggested_diff": {
          "from": null,
          "to": "1.8.1",
          "diffstat": {
            "raw": " 33 files changed, 9452 insertions(+)\n",
            "count": 9452
          }
        },
        "confident": true
      },
      {
        "name": "reqwest",
        "notable_parents": "test-project",
        "suggested_criteria": [
          "safe-to-deploy"
        ],
        "suggested_diff": {
          "from": null,
          "to": "0.11.10",
          "diffstat": {
            "raw": " 63 files changed, 21663 insertions(+)\n",
            "count": 21663
          }
        },
        "confident": true
      },
      {
        "name": "serde_json",
        "notable_parents": "reqwest, test-project",
        "suggested_criteria": [
          "safe-to-deploy"
        ],
        "suggested_diff": {
          "from": null,
          "to": "1.0.79",
          "diffstat": {
            "raw": " 88 files changed, 22855 insertions(+)\n",
            "count": 22855
          }
        },
        "confident": true
      },
      {
        "name": "tokio",
        "notable_parents": "h2, hyper, reqwest, and 4 others",
        "suggested_criteria": [
          "safe-to-deploy"
        ],
        "suggested_diff": {
          "from": null,
          "to": "1.17.0",
          "diffstat": {
            "raw": " 405 files changed, 91278 insertions(+)\n",
            "count": 91278
          }
        },
        "confident": true
      },
      {
        "name": "libc",
        "notable_parents": "mio, atty, tokio, openssl, and 8 others",
        "suggested_criteria": [
          "safe-to-run"
        ],
        "suggested_diff": {
          "from": null,
          "to": "0.2.123",
          "diffstat": {
            "raw": " 217 files changed, 94067 insertions(+)\n",
            "count": 94067
          }
        },
        "confident": true
      },
      {
        "name": "winapi",
        "notable_parents": "mio, atty, miow, ntapi, and 7 others",
        "suggested_criteria": [
          "safe-to-run"
        ],
        "suggested_diff": {
          "from": null,
          "to": "0.3.9",
          "diffstat": {
            "raw": " 412 files changed, 181329 insertions(+)\n",
            "count": 181329
          }
        },
        "confident": true
      }
    ],
    "suggest_by_criteria": {
      "safe-to-deploy": [
        {
          "name": "termcolor",
          "notable_parents": "clap",
          "suggested_criteria": [
            "safe-to-deploy"
          ],
          "suggested_diff": {
            "from": null,
            "to": "1.1.3",
            "diffstat": {
              "raw": " 12 files changed, 2585 insertions(+)\n",
              "count": 2585
            }
          },
          "confident": true
        },
        {
          "name": "os_str_bytes",
          "notable_parents": "clap",
          "suggested_criteria": [
            "safe-to-deploy"
          ],
          "suggested_diff": {
            "from": null,
            "to": "6.0.0",
            "diffstat": {
              "raw": " 23 files changed, 2918 insertions(+)\n",
              "count": 2918
            }
          },
          "confident": true
        },
        {
          "name": "textwrap",
          "notable_parents": "clap",
          "suggested_criteria": [
            "safe-to-deploy"
          ],
          "suggested_diff": {
            "from": null,
            "to": "0.15.0",
            "diffstat": {
              "raw": " 18 files changed, 6165 insertions(+)\n",
              "count": 6165
            }
          },
          "confident": true
        },
        {
          "name": "indexmap",
          "notable_parents": "h2, clap",
          "suggested_criteria": [
            "safe-to-deploy"
          ],
          "suggested_diff": {
            "from": null,
            "to": "1.8.1",
            "diffstat": {
              "raw": " 33 files changed, 9452 insertions(+)\n",
              "count": 9452
            }
          },
          "confident": true
        },
        {
          "name": "reqwest",
          "notable_parents": "test-project",
          "suggested_criteria": [
            "safe-to-deploy"
          ],
          "suggested_diff": {
            "from": null,
            "to": "0.11.10",
            "diffstat": {
              "raw": " 63 files changed, 21663 insertions(+)\n",
              "count": 21663
            }
          },
          "confident": true
        },
        {
          "name": "serde_json",
          "notable_parents": "reqwest, test-project",
          "suggested_criteria": [
            "safe-to-deploy"
          ],
          "suggested_diff": {
            "from": null,
            "to": "1.0.79",
            "diffstat": {
              "raw": " 88 files changed, 22855 insertions(+)\n",
              "count": 22855
            }
          },
          "confident": true
        },
        {
          "name": "tokio",
          "notable_parents": "h2, hyper, reqwest, and 4 others",
          "suggested_criteria": [
            "safe-to-deploy"
          ],
          "suggested_diff": {
            "from": null,
            "to": "1.17.0",
            "diffstat": {
              "raw": " 405 files changed, 91278 insertions(+)\n",
              "count": 91278
            }
          },
          "confident": true
        }
      ],
      "safe-to-run": [
        {
          "name": "hermit-abi",
          "notable_parents": "atty",
          "suggested_criteria": [
            "safe-to-run"
          ],
          "suggested_diff": {
            "from": null,
            "to": "0.1.19",
            "diffstat": {
              "raw": " 11 files changed, 938 insertions(+)\n",
              "count": 938
            }
          },
          "confident": true
        },
        {
          "name": "libc",
          "notable_parents": "mio, atty, tokio, openssl, and 8 others",
          "suggested_criteria": [
            "safe-to-run"
          ],
          "suggested_diff": {
            "from": null,
            "to": "0.2.123",
            "diffstat": {
              "raw": " 217 files changed, 94067 insertions(+)\n",
              "count": 94067
            }
          },
          "confident": true
        },
        {
          "name": "winapi",
          "notable_parents": "mio, atty, miow, ntapi, and 7 others",
          "suggested_criteria": [
            "safe-to-run"
          ],
          "suggested_diff": {
            "from": null,
            "to": "0.3.9",
            "diffstat": {
              "raw": " 412 files changed, 181329 insertions(+)\n",
              "count": 181329
            }
          },
          "confident": true
        }
      ]
    },
    "total_lines": 433250
  }
}
stderr:

